name,sequence,start_codon,start_position,expression,RBS_distance_bp,dG_total,dG_rRNA:mRNA,dG_mRNA,dG_spacing,dG_standby,dG_start_codon
unnamed,TTCTAGAAAAAAAATAAGGAGGTAAAATGGCGAGCTCTGAAGACGTTATCAAAGAGTTCATGCGTTTCAAAGTTCGTATG,ATG,27,6421.07133,3,-3.75131,-15.981,-8.2,5.22369,0.0,-1.194
unnamed,TTCTAGAAAAAAAATAAGGAGGTAAAATGGCGAGCTCTGAAGACGTTATCAAAGAGTTCATGCGTTTCAAAGTTCGTATG,ATG,60,0.05567,1,25.37164,-4.381,-13.8,17.14664,0.0,-1.194
unnamed,TTCTAGAAAAAAAATAAGGAGGTAAAATGGCGAGCTCTGAAGACGTTATCAAAGAGTTCATGCGTTTCAAAGTTCGTATG,ATG,78,563.38396,4,2.32873,-0.681,-4.2,0.00373,0.0,-1.194
