name,start_codon,start_position,expression,RBS_distance_bp,dG_total,dG_rRNA:mRNA,dG_mRNA,dG_spacing,dG_standby,dG_start_codon
sequence_1,ATG,38,635.25633,4,2.02873,-8.381,-11.6,0.00373,0.0,-1.194
sequence_1,ATG,71,0.05567,1,25.37164,-4.381,-13.8,17.14664,0.0,-1.194
sequence_1,ATG,89,224.4036,4,4.62873,-0.681,-6.5,0.00373,0.0,-1.194
