name,anti-Shine-Dalgarno,sequence,start_codon,start_position,expression,RBS_distance_bp,dG_total,dG_rRNA:mRNA,dG_mRNA,dG_spacing,dG_standby,dG_start_codon
first_sequence,ACCTCCTTA,TTCTAGActttaatttaacgtaaataaggaagtcattATGGCGAGCTCTGAAGACGTTATCAAAGAGTTCATGCGTTTCAAAGTTCGTATGGA,ATG,38,635.25633,4,2.02873,-8.381,-11.6,0.00373,0.0,-1.194
first_sequence,ACCTCCTTA,TTCTAGActttaatttaacgtaaataaggaagtcattATGGCGAGCTCTGAAGACGTTATCAAAGAGTTCATGCGTTTCAAAGTTCGTATGGA,ATG,71,0.05567,1,25.37164,-4.381,-13.8,17.14664,0.0,-1.194
first_sequence,ACCTCCTTA,TTCTAGActttaatttaacgtaaataaggaagtcattATGGCGAGCTCTGAAGACGTTATCAAAGAGTTCATGCGTTTCAAAGTTCGTATGGA,ATG,89,224.4036,4,4.62873,-0.681,-6.5,0.00373,0.0,-1.194
second_sequence,TCTGAAGAC,TTCTAGActttaatttaacgtaaataaggaagtcattATGGCGAGCTCTGAAGACGTTATCAAAGAGTTCATGCGTTTCAAAGTTCGTATGGA,ATG,38,34.19462,7,9.32954,-1.881,-11.6,0.80454,0.0,-1.194
second_sequence,TCTGAAGAC,TTCTAGActttaatttaacgtaaataaggaagtcattATGGCGAGCTCTGAAGACGTTATCAAAGAGTTCATGCGTTTCAAAGTTCGTATGGA,ATG,71,39.59268,6,8.96331,-3.981,-13.8,0.33831,0.0,-1.194
second_sequence,TCTGAAGAC,TTCTAGActttaatttaacgtaaataaggaagtcattATGGCGAGCTCTGAAGACGTTATCAAAGAGTTCATGCGTTTCAAAGTTCGTATGGA,ATG,89,578.33027,6,2.26331,-3.381,-6.5,0.33831,0.0,-1.194
sequence_3,CCCCCCCCC,TTCTAGActttaatttaacgtaaataaggaagtcattATGGCGAGCTCTGAAGACGTTATCAAAGAGTTCATGCGTTTCAAAGTTCGTATGGA,ATG,38,43.55481,5,8.725,-1.681,-11.6,0.0,0.0,-1.194
sequence_3,CCCCCCCCC,TTCTAGActttaatttaacgtaaataaggaagtcattATGGCGAGCTCTGAAGACGTTATCAAAGAGTTCATGCGTTTCAAAGTTCGTATGGA,ATG,71,0.00171,22,34.07452,-1.681,-13.8,23.14952,0.0,-1.194
