name,sequence,start_codon,start_position,expression,RBS_distance_bp,dG_total,dG_rRNA:mRNA,dG_mRNA,dG_spacing,dG_standby,dG_start_codon
seq1_set1,TTCTAGAAAAAAAATAAGGAGGTATGGCGAGCTCTGAAGACGTTATCAAAGAGTTCATGCGTTTCAAAGTTCGTATGGAA,ATG,24,53.84292,0,8.19517,-15.981,-8.2,17.17017,0.0,-1.194
seq2_set1,TTCTAGAAAAAAAATAAGGAGGTAATGGCGAGCTCTGAAGACGTTATCAAAGAGTTCATGCGTTTCAAAGTTCGTATGGA,ATG,25,54.35243,1,8.17164,-15.981,-8.2,17.14664,0.0,-1.194
seq3_set1,TTCTAGAAAAAAAATAAGGAGGTAAATGGCGAGCTCTGAAGACGTTATCAAAGAGTTCATGCGTTTCAAAGTTCGTATGG,ATG,26,72.89721,2,7.43815,-15.981,-8.2,16.41315,0.0,-1.194
seq4_set1,TTCTAGAAAAAAAATAAGGAGGTAAAATGGCGAGCTCTGAAGACGTTATCAAAGAGTTCATGCGTTTCAAAGTTCGTATG,ATG,27,6421.07133,3,-3.75131,-15.981,-8.2,5.22369,0.0,-1.194
seq5_set1,TTCTAGAAAAAAAATAAGGAGGTAAAAATGGCGAGCTCTGAAGACGTTATCAAAGAGTTCATGCGTTTCAAAGTTCGTAT,ATG,28,51869.82673,4,-8.97127,-15.981,-8.2,0.00373,0.0,-1.194
seq6_set1,TTCTAGAAAAAAAATAAGGAGGTAAAAAATGGCGAGCTCTGAAGACGTTATCAAAGAGTTCATGCGTTTCAAAGTTCGTA,ATG,29,51947.29081,5,-8.975,-15.981,-8.2,0.0,0.0,-1.194
seq7_set1,TTCTAGAAAAAAAATAAGGAGGTAAAAAAATGGCGAGCTCTGAAGACGTTATCAAAGAGTTCATGCGTTTCAAAGTTCGT,ATG,30,45369.10491,6,-8.63669,-15.981,-8.2,0.33831,0.0,-1.194
seq8_set1,TTCTAGAAAAAAAATAAGGAGGTAAAAAAAATGGCGAGCTCTGAAGACGTTATCAAAGAGTTCATGCGTTTCAAAGTTCG,ATG,31,37646.23641,7,-8.17046,-15.981,-8.2,0.80454,0.0,-1.194
seq9_set1,TTCTAGAAAAAAAATAAGGAGGTAAAAAAAAATGGCGAGCTCTGAAGACGTTATCAAAGAGTTCATGCGTTTCAAAGTTC,ATG,32,29678.84289,8,-7.5763,-15.981,-8.2,1.3987,0.0,-1.194
seq10_set1,TTCTAGAAAAAAAATAAGGAGGTAAAAAAAAAATGGCGAGCTCTGAAGACGTTATCAAAGAGTTCATGCGTTTCAAAGTT,ATG,33,22229.84375,9,-6.8542,-15.981,-8.2,2.1208,0.0,-1.194
seq11_set1,TTCTAGAAAAAAAATAAGGAGGTAAAAAAAAAAATGGCGAGCTCTGAAGACGTTATCAAAGAGTTCATGCGTTTCAAAGT,ATG,34,15819.39612,10,-6.00418,-15.981,-8.2,2.97082,0.0,-1.194
seq12_set1,TTCTAGAAAAAAAATAAGGAGGTAAAAAAAAAAAAATGGCGAGCTCTGAAGACGTTATCAAAGAGTTCATGCGTTTCAAA,ATG,36,6870.51069,12,-3.92035,-15.981,-8.2,5.05465,0.0,-1.194
seq13_set1,TTCTAGAAAAAAAATAAGGAGGTAAAAAAAAAAAAAAAATGGCGAGCTCTGAAGACGTTATCAAAGAGTTCATGCGTTTC,ATG,39,1636.15927,15,-0.33514,-14.981,-6.7,9.13986,0.0,-1.194
seq14_set2,TTCTAGAGAAAGACAGGACCCACTAGTATGGCGAGCTCTGAAGACGTTATCAAAGAGTTCATGCGTTTCAAAGTTCGTATGGA,ATG,28,735.30067,6,1.66331,-6.481,-9.0,0.33831,0.0,-1.194
seq15_set2,TTCTAGAGAAAGAAGGGACAGACTAGTATGGCGAGCTCTGAAGACGTTATCAAAGAGTTCATGCGTTTCAAAGTTCGTATGGA,ATG,28,1097.18544,6,0.66331,-7.481,-9.0,0.33831,0.0,-1.194
seq16_set2,TTCTAGAGAAAGAAGAGACTCACTAGTATGGCGAGCTCTGAAGACGTTATCAAAGAGTTCATGCGTTTCAAAGTTCGTATGGA,ATG,28,216.03373,8,4.7237,-5.481,-9.9,1.3987,-0.1,-1.194
seq17_set2,TTCTAGAGAAAGAAGGGATACACTAGTATGGCGAGCTCTGAAGACGTTATCAAAGAGTTCATGCGTTTCAAAGTTCGTATGGA,ATG,28,706.4533,6,1.76331,-7.581,-10.2,0.33831,0.0,-1.194
seq18_set2,TTCTAGAGAAAGACGCGAGAAACTAGTATGGCGAGCTCTGAAGACGTTATCAAAGAGTTCATGCGTTTCAAAGTTCGTATGGA,ATG,28,578.33027,6,2.26331,-5.481,-8.6,0.33831,0.0,-1.194
seq19_set2,TTCTAGAGAAAGAAACGACATACTAGTATGGCGAGCTCTGAAGACGTTATCAAAGAGTTCATGCGTTTCAAAGTTCGTATGGA,ATG,28,99.40074,6,6.66331,-2.881,-9.6,0.33831,-0.8,-1.194
seq20_set2,TTCTAGAaaatgtcaattttgctactggccttacaatATGGCGAGCTCTGAAGACGTTATCAAAGAGTTCATGCGTTTCAAAGTTCGTATGGA,ATG,38,67.64453,5,7.625,-2.881,-10.5,0.0,-1.2,-1.194
seq21_set2,TTCTAGAaacttccgttaatcagttataaggtggattATGGCGAGCTCTGAAGACGTTATCAAAGAGTTCATGCGTTTCAAAGTTCGTATGGA,ATG,38,335.34589,5,3.625,-4.981,-9.8,0.0,0.0,-1.194
seq22_set2,TTCTAGActttaatttaacgtaaataaggaagtcattATGGCGAGCTCTGAAGACGTTATCAAAGAGTTCATGCGTTTCAAAGTTCGTATGGA,ATG,38,635.25633,4,2.02873,-8.381,-11.6,0.00373,0.0,-1.194
seq23_set2,TTCTAGAattaaagAGGAgaaatagcATGGCGAGCTCTGAAGACGTTATCAAAGAGTTCATGCGTTTCAAAGTTCGTATGGA,ATG,27,7607.65053,5,-4.175,-11.581,-8.6,0.0,0.0,-1.194
seq24_set2,TTCTAGAattaaagAGGAgatagcATGGCGAGCTCTGAAGACGTTATCAAAGAGTTCATGCGTTTCAAAGTTCGTATGGA,ATG,25,1773.60998,6,-0.53669,-8.281,-8.6,0.33831,0.0,-1.194
seq25_set2,TTCTAGAattaaagAGGAgaaattattagcATGGCGAGCTCTGAAGACGTTATCAAAGAGTTCATGCGTTTCAAAGTTCGTATGGA,ATG,31,3255.54769,9,-2.0542,-11.581,-8.6,2.1208,0.0,-1.194
seq26_set2,TTCTAGAattaaagAGGAgaaattataatagcATGGCGAGCTCTGAAGACGTTATCAAAGAGTTCATGCGTTTCAAAGTTCGTATGGA,ATG,33,1566.37264,11,-0.22623,-11.581,-8.6,3.94877,0.0,-1.194
seq27_set2,TTCTAGAattaaTAAGGAGGaattaagcATGGCGAGCTCTGAAGACGTTATCAAAGAGTTCATGCGTTTCAAAGTTCGTATGGA,ATG,29,12776.76389,7,-5.47046,-14.681,-9.6,0.80454,0.0,-1.194
seq28_set2,TTCTAGAattaaTAAGGAGGaatagcATGGCGAGCTCTGAAGACGTTATCAAAGAGTTCATGCGTTTCAAAGTTCGTATGGA,ATG,27,30874.73996,5,-7.675,-14.681,-8.2,0.0,0.0,-1.194
seq29_set2,TTCTAGAattaaTAAGGAGGaattattagcATGGCGAGCTCTGAAGACGTTATCAAAGAGTTCATGCGTTTCAAAGTTCGTATGGA,ATG,31,5933.98809,9,-3.5542,-14.681,-10.2,2.1208,0.0,-1.194
seq30_set2,TTCTAGAattaaTGAGGAAAaattaagcATGGCGAGCTCTGAAGACGTTATCAAAGAGTTCATGCGTTTCAAAGTTCGTATGGA,ATG,29,807.4151,7,1.42954,-8.781,-10.6,0.80454,0.0,-1.194
seq31_set2,TTCTAGAattaaATAGGACAaattaagcATGGCGAGCTCTGAAGACGTTATCAAAGAGTTCATGCGTTTCAAAGTTCGTATGGA,ATG,29,377.44027,7,3.32954,-6.381,-10.1,0.80454,0.0,-1.194
seq32_set2,TTCTAGAattaaTTAGGAGCaattaagcATGGCGAGCTCTGAAGACGTTATCAAAGAGTTCATGCGTTTCAAAGTTCGTATGGA,ATG,29,840.38516,7,1.32954,-8.981,-10.7,0.80454,0.0,-1.194
seq33_set2,TTCTAGAattaaGGAGGATAaattaagcATGGCGAGCTCTGAAGACGTTATCAAAGAGTTCATGCGTTTCAAAGTTCGTATGGA,ATG,29,7697.02275,10,-4.20418,-14.581,-8.6,2.97082,0.0,-1.194
seq34_set2,TTCTAGAattaaGAAGGACTaattaagcATGGCGAGCTCTGAAGACGTTATCAAAGAGTTCATGCGTTTCAAAGTTCGTATGGA,ATG,29,1358.49005,7,0.12954,-7.881,-8.4,0.80454,0.0,-1.194
seq35_set2,TTCTAGAattaaTGAGGATAaattaagcATGGCGAGCTCTGAAGACGTTATCAAAGAGTTCATGCGTTTCAAAGTTCGTATGGA,ATG,29,745.30469,7,1.62954,-8.581,-10.6,0.80454,0.0,-1.194
seq36_set2,TTCTAGAattaaTCAGGATCaattaagcATGGCGAGCTCTGAAGACGTTATCAAAGAGTTCATGCGTTTCAAAGTTCGTATGGA,ATG,29,563.20085,7,2.32954,-6.581,-9.3,0.80454,0.0,-1.194
seq37_set2,TTCTAGAattaaACAGGATAataagcATGGCGAGCTCTGAAGACGTTATCAAAGAGTTCATGCGTTTCAAAGTTCGTATGGA,ATG,27,1206.98319,5,0.425,-6.581,-8.2,0.0,0.0,-1.194
seq38_set2,TTCTAGAattaaagaggagaaattaagcATGGCGAGCTCTGAAGACGTTATCAAAGAGTTCATGCGTTTCAAAGTTCGTATGGA,ATG,29,5513.26943,7,-3.37046,-11.581,-8.6,0.80454,0.0,-1.194
seq39_set2,TTCTAGAtcacacaggaaaccggttcgATGGCGAGCTCTGAAGACGTTATCAAAGAGTTCATGCGTTTCAAAGTTCGTATGGA,ATG,28,660.98154,7,1.92954,-7.281,-9.6,0.80454,0.0,-1.194
seq40_set2,TTCTAGAtcacacaggaaaggcctcgATGGCGAGCTCTGAAGACGTTATCAAAGAGTTCATGCGTTTCAAAGTTCGTATGGA,ATG,27,221.31953,6,4.66331,-7.381,-12.9,0.33831,0.0,-1.194
seq41_set2,TTCTAGAtcacacaggacggccggATGGCGAGCTCTGAAGACGTTATCAAAGAGTTCATGCGTTTCAAAGTTCGTATGGA,ATG,25,586.38923,4,2.22873,-8.981,-12.4,0.00373,0.0,-1.194
seq42_set3,TTCTAGAAACAAAATGAGGAGGTACTGAGATGGCGAGCTCTGAAGACGTTATCAAAGAGTTCATGCGTTTCAAAGTTCGT,ATG,30,47221.71094,6,-8.73669,-16.081,-8.2,0.33831,0.0,-1.194
seq43_set3,TTCTAGAAAGCTGATAAGGAGGTATAACGATGGCGAGCTCTGAAGACGTTATCAAAGAGTTCATGCGTTTCAAAGTTCGT,ATG,30,37140.92151,6,-8.13669,-15.981,-8.7,0.33831,0.0,-1.194
seq44_set3,TTCTAGAACAACTTAAGGAGGTATTCATGGCGAGCTCTGAAGACGTTATCAAAGAGTTCATGCGTTTCAAAGTTCGTATG,ATG,27,29619.22533,4,-7.57127,-15.881,-9.5,0.00373,0.0,-1.194
seq45_set3,TTCTAGAAAAGTAAGGAGGTGCGGCTATGGCGAGCTCTGAAGACGTTATCAAAGAGTTCATGCGTTTCAAAGTTCGTATG,ATG,27,25907.11838,6,-7.23669,-15.881,-9.5,0.33831,0.0,-1.194
seq46_set3,TTCTAGACTGGTGAGGAGGTGAGAATGGCGAGCTCTGAAGACGTTATCAAAGAGTTCATGCGTTTCAAAGTTCGTATGGA,ATG,25,18322.95895,4,-6.37127,-15.981,-10.8,0.00373,0.0,-1.194
seq47_set3,TTCTAGAAAAGTAAGGAGGCGCGGCTATGGCGAGCTCTGAAGACGTTATCAAAGAGTTCATGCGTTTCAAAGTTCGTATG,ATG,27,15397.82981,6,-5.93669,-14.581,-9.5,0.33831,0.0,-1.194
seq48_set3,TTCTAGACACAGAAAAAGGAGGGTCGCGATGGCGAGCTCTGAAGACGTTATCAAAGAGTTCATGCGTTTCAAAGTTCGTA,ATG,29,11351.82342,5,-5.175,-15.181,-10.6,0.0,-0.6,-1.194
seq49_set3,TTCTAGAAGGAGGTTTGGAATGGCGAGCTCTGAAGACGTTATCAAAGAGTTCATGCGTTTCAAAGTTCGTATGGAAGGTT,ATG,20,8928.46054,5,-4.575,-14.881,-11.5,0.0,0.0,-1.194
seq50_set3,TTCTAGATGGGGAGTGTAAAATGGCGAGCTCTGAAGACGTTATCAAAGAGTTCATGCGTTTCAAAGTTCGTATGGAAGGT,ATG,21,7298.28707,4,-4.07127,-11.481,-8.6,0.00373,0.0,-1.194
seq51_set3,TTCTAGAGGGGGTTAACAAGATGGCGAGCTCTGAAGACGTTATCAAAGAGTTCATGCGTTTCAAAGTTCGTATGGAAGGT,ATG,21,15607.32254,7,-5.97046,-14.281,-8.7,0.80454,0.0,-1.194
seq52_set3,TTCTAGAAGCGAGGAGGCAGTCGATGGCGAGCTCTGAAGACGTTATCAAAGAGTTCATGCGTTTCAAAGTTCGTATGGAA,ATG,24,12297.83443,5,-5.375,-14.281,-10.1,0.0,0.0,-1.194
seq53_set3,TTCTAGATAGGGGGCGGTACATGGCGAGCTCTGAAGACGTTATCAAAGAGTTCATGCGTTTCAAAGTTCGTATGGAAGGT,ATG,21,4521.58772,5,-2.875,-11.781,-10.1,0.0,0.0,-1.194
seq54_set3,TTCTAGAGATAAGTGAAGGAGGCCCGGCCATGGCGAGCTCTGAAGACGTTATCAAAGAGTTCATGCGTTTCAAAGTTCGT,ATG,30,6383.61014,6,-3.73669,-14.181,-11.3,0.33831,0.0,-1.194
seq55_set3,TTCTAGAGGAGGATAACCACTATGGCGAGCTCTGAAGACGTTATCAAAGAGTTCATGCGTTTCAAAGTTCGTATGGAAGG,ATG,22,7922.40838,8,-4.2763,-14.481,-10.0,1.3987,0.0,-1.194
seq56_set3,TTCTAGAGATAAGTGAAGGAGGCCGGCCATGGCGAGCTCTGAAGACGTTATCAAAGAGTTCATGCGTTTCAAAGTTCGTA,ATG,29,3282.75826,5,-2.075,-14.181,-13.3,0.0,0.0,-1.194
seq57_set3,TTCTAGAACACTAAGGAGACCAACTTGCATGGCGAGCTCTGAAGACGTTATCAAAGAGTTCATGCGTTTCAAAGTTCGTA,TTG,25,7152.25979,4,-4.02077,-11.581,-7.6,0.00373,0.0,-0.0435
seq58_set3,TTCTAGAAAGTTAAGAGGCAAGAATGGCGAGCTCTGAAGACGTTATCAAAGAGTTCATGCGTTTCAAAGTTCGTATGGAA,ATG,24,2027.74206,4,-0.87127,-8.281,-8.6,0.00373,0.0,-1.194
seq59_set3,TTCTAGATTAACTGGGGGCTATCATGGCGAGCTCTGAAGACGTTATCAAAGAGTTCATGCGTTTCAAAGTTCGTATGGAA,ATG,24,874.98591,4,1.22873,-10.881,-13.3,0.00373,0.0,-1.194
seq60_set3,TTCTAGATGAGAATAAGGTTATGGCGAGCTCTGAAGACGTTATCAAAGAGTTCATGCGTTTCAAAGTTCGTATGGAAGGT,ATG,21,635.25633,4,2.02873,-5.281,-8.5,0.00373,0.0,-1.194
seq61_set3,TTCTAGATAAGCAGGACCGGCGGCGATGGCGAGCTCTGAAGACGTTATCAAAGAGTTCATGCGTTTCAAAGTTCGTATGG,ATG,26,652.10937,6,1.96331,-7.381,-10.2,0.33831,0.0,-1.194
seq62_set3,TTCTAGAAACCTCAAGGAATTCCCTATGGCGAGCTCTGAAGACGTTATCAAAGAGTTCATGCGTTTCAAAGTTCGTATGG,ATG,26,716.29764,4,1.72873,-7.881,-10.8,0.00373,0.0,-1.194
seq63_set3,TTCTAGAGGCGACAGGCGGATCTATCCCATGGCGAGCTCTGAAGACGTTATCAAAGAGTTCATGCGTTTCAAAGTTCGTA,ATG,29,207.4507,5,4.825,-7.481,-11.8,0.0,-1.7,-1.194
seq64_set3,TTCTAGAATAAAAAGGGACGCTAATGGCGAGCTCTGAAGACGTTATCAAAGAGTTCATGCGTTTCAAAGTTCGTATGGAA,ATG,24,454.86956,6,2.86331,-5.581,-9.3,0.33831,0.0,-1.194
seq65_set3,TTCTAGAATAGAGTCGACGCATGGCGAGCTCTGAAGACGTTATCAAAGAGTTCATGCGTTTCAAAGTTCGTATGGAAGGT,ATG,21,363.29214,5,3.425,-4.881,-9.5,0.0,0.0,-1.194
seq66_set3,TTCTAGAGAGTAATATTTCACATGGCGAGCTCTGAAGACGTTATCAAAGAGTTCATGCGTTTCAAAGTTCGTATGGAAGG,ATG,22,148.32169,6,5.66331,-3.281,-9.8,0.33831,0.0,-1.194
seq67_set3,TTCTAGACGAGCTGGTACTTAAAAACATGGCGAGCTCTGAAGACGTTATCAAAGAGTTCATGCGTTTCAAAGTTCGTATG,ATG,27,218.45834,10,4.69582,-7.481,-10.4,2.97082,0.0,-1.194
seq68_set3,TTCTAGATTCGCAGGGGGAAGATGGCGAGCTCTGAAGACGTTATCAAAGAGTTCATGCGTTTCAAAGTTCGTATGGAAGG,ATG,22,207.55828,8,4.8237,-6.581,-11.2,1.3987,0.0,-1.194
seq69_set3,TTCTAGATTTCTCCCATAATAACTCGAACCATTACCGAGCTATGGCGAGCTCTGAAGACGTTATCAAAGAGTTCATGCGTTTCAAAGTTCGTATGGAAGG,ATG,42,4.36328,11,14.47377,-0.281,-12.0,3.94877,0.0,-1.194
seq70_set3,TTCTAGAGGGAACGATTTAGGCCAATTATTAAAACCGACCCCATGGCGAGCTCTGAAGACGTTATCAAAGAGTTGAAGACGTTATCAAAGAGTTCATGCGTTTCAAAGTTCGTATGGAAGG,ATG,43,2.914,16,15.48245,-1.881,-7.8,10.75745,0.0,-1.194
seq71_set4.1,TTCTAGATTAGGCCTGATCTAAGCCATTAACTTTAGTTATGGCTGAAGCGCAAAACGATCCCCTGGCGAGCTCTGAAGACGTT,ATG,39,4.87669,10,14.19582,-3.581,-12.4,2.97082,-3.6,-1.194
seq72_set4.1,TTCTAGACCAGTCGCGTACCGCTATTGGTCCAGCTACAATGGCTGAAGCGCAAAACGATCCCCTGGCGAGCTCTGAAGACGTT,ATG,39,1.55688,3,17.04869,-11.181,-16.3,5.22369,-7.9,-1.194
seq73_set4.1,TTCTAGATTCTAaaggaggAGTCCGGGATGGCTGAAGCGCAAAATGATCCCCTGATGGCGAGCTCTGAAGACGTT,ATG,28,6734.67672,7,-3.87046,-14.081,-10.6,0.80454,0.0,-1.194
seq74_set4.1,TTCTAGAAAAGGAAGTAAAGGGGATATTAATGGCTGAAGCGCAAAACGATCCCGCCGCGAGCTCTGAAGACGTT,ATG,30,2683.38668,4,-1.57127,-11.081,-9.9,0.00373,-0.8,-1.194
seq75_set4.1,TTCTAGACGTAAATAACAATTCATTCAGTCTGAAGCTAATCAATGGCTGAAGCGCAAAACGATCCCCTGGCGAGCTCTGAAGACGTT,ATG,43,118.46057,5,6.225,0.019,-7.4,0.0,0.0,-1.194
seq76_set4.1,TTCTAGAAATATTAACCGAAAGACGGAAAACCACTTCCCCATGGCTGAAGCGCAAAACGATCCCCTGGCGAGCTCTGAAGACGTT,ATG,41,398.19081,10,3.19582,-3.581,-5.0,2.97082,0.0,-1.194
seq77_set4.1,TTCTAGACTGACACAATATACGTAGAATTGGACACCACTATGGCTGAAGCGCAAAACGATCCCCTGGCGAGCTCTGAAGACGTT,ATG,40,1798.32502,4,-0.57127,-3.581,-4.2,0.00373,0.0,-1.194
seq78_set4.1,TTCTAGATATACCTATAAATCTAAGGACCTATTTTTATCTATGGCTGAAGCGCAAAACGATCCCCTGGCGAGCTCTGAAGACGTT,ATG,41,3598.10748,10,-2.30418,-7.381,-3.3,2.97082,0.0,-1.194
seq79_set4.1,TTCTAGATACCCACTTAAGGAGAGTAATATATCATGGCTGAAGCGCAAAACGATCCCCTGGCGAGCTCTGAAGACGTT,ATG,34,9592.34428,9,-4.7542,-12.081,-6.4,2.1208,0.0,-1.194
seq80_set4.1,TTCTAGACTGAAATTTACTTTGTAATAAGAGAGGAATATATGGCTGAAGCGCAAAACGATCCCCTGGCGAGCTCTGAAGACGTT,ATG,40,18350.32305,5,-6.375,-9.481,-4.3,0.0,0.0,-1.194
seq81_set4.1,TTCTAGAACAACAACAAATAAGGAGTAAATAGATGGCTGAAGCGCAAAACGATCCCCTGGCGAGCTCTGAAGACGTT,ATG,33,46070.01791,5,-8.675,-11.281,-3.8,0.0,0.0,-1.194
seq82_set4.1,TTCTAGAACCCCACGACTAAACTATAAAATAAGGAGGTACGCATGGCTGAAGCGCAAAACGATCCCCTGGCGAGCTCTGAAGACGTT,ATG,43,53987.88381,4,-9.07127,-14.981,-7.1,0.00373,0.0,-1.194
seq83_set4.2,TTCTAGAGGTATTACGTTTCAGGCCAGCGTCACCCAGATCGATGTCCAGATTAGATAAAAGTAAAGTTGCGAGCTCTGAAGACG,TTG,67,574.6565,4,2.27923,-1.181,-3.5,0.00373,0.0,-0.0435
seq84_set4.2,TTCTAGACGTTACCACGTCGGCCGAAAATCGTTTCAGCTGCCATGTCCAGATTAGATAAAAGTAAAGTTGCGAGCTCTGAAGACG,TTG,68,370.00854,4,3.37923,-0.081,-3.5,0.00373,0.0,-0.0435
seq85_set4.2,TTCTAGAGTGCAtaaggagTGCTCGATGTCCAGATTAGATAAAAGTAAAGTGATGGCGAGCTCTGAAGACG,ATG,26,9658.09544,4,-4.77127,-11.281,-7.7,0.00373,0.0,-1.194
seq86_set4.2,TTCTAGATTGATAGATAAGGACAAAGTTATGTCCAGATTAGATAAAAGTAAAGTTGCGAGCTCTGAAGACG,ATG,29,2379.79057,4,-1.27127,-10.281,-8.3,0.00373,-1.9,-1.194
seq87_set4.2,TTCTAGAGTCAAGGACCTCTTGGCGGTTATCTTAAGGCACAATGTCCAGATTAGATAAAAGTAAAGTTGCGAGCTCTGAAGACG,ATG,42,215.92176,5,4.725,-5.181,-8.1,0.0,-3.0,-1.194
seq88_set4.2,TTCTAGATGACCACCATAGGTTGGATACAAATACCACAGGATGTCCAGATTAGATAAAAGTAAAGTTGCGAGCTCTGAAGACG,ATG,41,187.34986,12,5.07965,-5.981,-4.8,5.05465,-2.4,-1.194
seq89_set4.2,TTCTAGATAAGAAAACCACCCTACAAAGAAAACCCTAATTAGATGTCCAGATTAGATAAAAGTAAAGTTGCGAGCTCTGAAGACG,ATG,43,1019.90648,9,0.8458,-0.881,-0.8,2.1208,0.0,-1.194
seq90_set4.2,TTCTAGACTAGATTAGAAAGGAGGTACCACACCACAAAAGTAATGTCCAGATTAGATAAAAGTAAAGTTGCGAGCTCTGAAGACG,ATG,43,1798.86848,17,-0.57203,-13.681,-1.8,12.50297,0.0,-1.194
seq91_set4.2,TTCTAGATTAGACCTGACTAACAAGAGGTAGGGGGATCATATGTCCAGATTAGATAAAAGTAAAGTTGCGAGCTCTGAAGACG,ATG,41,13846.02329,4,-5.67127,-12.281,-5.7,0.00373,-2.1,-1.194
seq92_set4.2,TTCTAGAAGAACAATACAGGAGGACAATTCGCCCTATGTCCAGATTAGATAAAAGTAAAGTTGCGAGCTCTGAAGACG,ATG,36,9485.5587,11,-4.72623,-12.781,-5.3,3.94877,0.0,-1.194
seq93_set4.2,TTCTAGATAAGTCATTCACAGAACAAACACGAGGTATCATATGTCCAGATTAGATAAAAGTAAAGTTGCGAGCTCTGAAGACG,ATG,41,29663.45964,5,-7.575,-7.881,-1.5,0.0,0.0,-1.194
seq94_set5,TTCTAGAACGACTATTTTTTCCACTATTGAGGTATAAATGGCGAGCTCTGAAGACGTTATCAAAGAGTTCATGCGTTTCAAAGT,ATG,38,807.67761,4,1.42873,-7.881,-10.5,0.00373,0.0,-1.194
seq95_set5,TTCTAGAACGACTATTTTTTCCACTATTGAGGTATAAGTGAAACCAGTAACGTTATACGGCGTCGCGAGCTCTGAAGACGTTAT,GTG,38,1647.28189,4,-0.35207,-7.881,-7.6,0.00373,0.0,-0.0748
seq96_set5,TTCTAGAACACTTTACTTTTTAATTAGCAGGAGATTTAAAAAATGGCGAGCTCTGAAGACGTTATCAAAGAGTTCATGCGTTTC,ATG,43,2577.27392,7,-1.47046,-7.781,-6.7,0.80454,0.0,-1.194
seq97_set5,TTCTAGAACACTTTACTTTTTAATTAGCAGGAGATTTAAAAAGTGAAACCAGTAACGTTATACGGCGTCGCGAGCTCTGAAGAC,GTG,43,405.76445,7,3.14874,-7.781,-10.2,0.80454,0.0,-0.0748
seq98_set5,TTCTAGATTCACGTCAACATTTAAGGAGGATATCGACATGGCGAGCTCTGAAGACGTTATCAAAGAGTTCATGCGTTTCAAAGT,ATG,38,12776.76389,7,-5.47046,-13.281,-8.2,0.80454,0.0,-1.194
seq99_set5,TTCTAGATTCACGTCAACATTTAAGGAGGATATCGACGTGAAACCAGTAACGTTATACGGCGTCGCGAGCTCTGAAGACGTTAT,GTG,38,1783.97911,7,-0.55126,-13.281,-12.0,0.80454,0.0,-0.0748
seq100_set5,TTCTAGACAGAAAAAATAGAATAAGGAGGTTTCACTATCATGGCGAGCTCTGAAGACGTTATCAAAGAGTTCATGCGTTTCAAA,ATG,40,27154.63355,9,-7.3542,-14.981,-6.7,2.1208,0.0,-1.194
seq101_set5,TTCTAGACAGAAAAAATAGAATAAGGAGGTTTCACTATCGTGAAACCAGTAACGTTATACGGCGTCGCGAGCTCTGAAGACGTT,GTG,40,1571.88106,9,-0.235,-14.981,-12.7,2.1208,0.0,-0.0748
seq102_set5,TTCTAGATTCCCCCGGAAACCAATAAAAGAAGGCCATCGTCATGGCGAGCTCTGAAGACGTTATCAAAGAGTTCATGCGTTTCA,ATG,42,150.33966,7,5.62954,-5.781,-11.8,0.80454,0.0,-1.194
seq103_set5,TTCTAGATTCCCCCGGAAACCAATAAAAGAAGGCCATCGTCATGTCCAGATTAGATAAAAGTAAAGTTGCGAGCTCTGAAGACG,ATG,42,5513.26943,7,-3.37046,-5.781,-2.8,0.80454,0.0,-1.194
seq104_set5,TTCTAGATGGAGAAGCCATTAATATTAAGGAAGGTAACAATGGCGAGCTCTGAAGACGTTATCAAAGAGTTCATGCGTTTCAAA,ATG,40,3556.32888,5,-2.275,-14.081,-13.0,0.0,0.0,-1.194
seq105_set5,TTCTAGATGGAGAAGCCATTAATATTAAGGAAGGTAACAATGTCCAGATTAGATAAAAGTAAAGTTGCGAGCTCTGAAGACGTT,ATG,40,90971.21694,5,-10.375,-14.081,-4.9,0.0,0.0,-1.194
seq106_set5,TTCTAGACCCACGTACCGATTAAAGGAGGCCTAGTAATGGCGAGCTCTGAAGACGTTATCAAAGAGTTCATGCGTTTCAAAGTT,ATG,37,5439.26636,6,-3.33669,-11.981,-9.5,0.33831,0.0,-1.194
seq107_set5,TTCTAGACCCACGTACCGATTAAAGGAGGCCTAGTAATGTCCAGATTAGATAAAAGTAAAGTTGCGAGCTCTGAAGACGTTATC,ATG,37,55420.15645,6,-9.13669,-11.981,-3.7,0.33831,0.0,-1.194
seq108_set5,TTCTAGAATAACCAGGGTAATAAGGAAGTACACAGACCATGGCGAGCTCTGAAGACGTTATCAAAGAGTTCATGCGTTTCAAAG,ATG,39,559.54851,9,2.3458,-8.381,-9.8,2.1208,0.0,-1.194
seq109_set5,TTCTAGAATAACCAGGGTAATAAGGAAGTACACAGACCATGTCCAGATTAGATAAAAGTAAAGTTGCGAGCTCTGAAGACGTTA,ATG,39,19714.77788,9,-6.5542,-8.381,-0.9,2.1208,0.0,-1.194
seq110_set5,TTCTAGAAAAACACCATATAAGTACAGAGAGGTAGAATATGGCGAGCTCTGAAGACGTTATCAAAGAGTTCATGCGTTTCAAAG,ATG,39,652.10937,6,1.96331,-8.981,-11.8,0.33831,0.0,-1.194
seq111_set5,TTCTAGAAAAACACCATATAAGTACAGAGAGGTAGAATATGTCCAGATTAGATAAAAGTAAAGTTGCGAGCTCTGAAGACGTTA,ATG,39,35683.80584,6,-8.03669,-8.981,-1.8,0.33831,0.0,-1.194
seq112_set5,TTCTAGAACTGTCCATAGATTTGAAAAGACCTTATCCCATGGCGAGCTCTGAAGACGTTATCAAAGAGTTCATGCGTTTCAAAG,ATG,39,144.70427,5,5.725,-0.881,-7.8,0.0,0.0,-1.194
seq113_set5,TTCTAGAACTGTCCATAGATTTGAAAAGACCTTATCCCATGGCTGAAGCGCAAAACGATCCCCTGGCGAGCTCTGAAGACGTTA,ATG,39,461.8969,5,2.825,-0.881,-4.9,0.0,0.0,-1.194
seq114_set5,TTCTAGAAACCACACTCCGTTTTTAGTAGGAGACCAAAAATGGCGAGCTCTGAAGACGTTATCAAAGAGTTCATGCGTTTCAAA,ATG,40,363.29214,5,3.425,-8.781,-12.8,0.0,-0.6,-1.194
seq115_set5,TTCTAGAAACCACACTCCGTTTTTAGTAGGAGACCAAAAATGGCTGAAGCGCAAAACGATCCCCTGGCGAGCTCTGAAGACGTT,ATG,40,1597.24586,5,-0.275,-8.781,-9.1,0.0,-0.6,-1.194
seq116_set5,TTCTAGAAATTATAAACTTTCGGAACAAACGGAGTCATCAAATGGCGAGCTCTGAAGACGTTATCAAAGAGTTCATGCGTTTCA,ATG,42,689.22357,5,1.825,-6.181,-9.2,0.0,0.0,-1.194
seq117_set5,TTCTAGAAATTATAAACTTTCGGAACAAACGGAGTCATCAAATGGCTGAAGCGCAAAACGATCCCCTGGCGAGCTCTGAAGACG,ATG,42,3556.32888,5,-2.275,-6.181,-5.1,0.0,0.0,-1.194
seq118_set5,TTCTAGAACGATCTGCACAACTCAAAATAAGGTAGGCGGCATGGCGAGCTCTGAAGACGTTATCAAAGAGTTCATGCGTTTCAA,ATG,41,2027.74206,4,-0.87127,-9.481,-9.8,0.00373,0.0,-1.194
seq119_set5,TTCTAGAACGATCTGCACAACTCAAAATAAGGTAGGCGGCATGGCTGAAGCGCAAAACGATCCCCTGGCGAGCTCTGAAGACGT,ATG,41,7906.49419,4,-4.27127,-9.481,-6.4,0.00373,0.0,-1.194
seq120_set5,TTCTAGATTTATACATCCGACTTTAAGGAGGCGACCTCATGGCGAGCTCTGAAGACGTTATCAAAGAGTTCATGCGTTTCAAAG,ATG,39,9525.36066,6,-4.73669,-13.281,-9.4,0.33831,0.0,-1.194
seq121_set5,TTCTAGATTTATACATCCGACTTTAAGGAGGCGACCTCATGGCTGAAGCGCAAAACGATCCCCTGGCGAGCTCTGAAGACGTTA,ATG,39,37140.92151,6,-8.13669,-13.281,-6.0,0.33831,0.0,-1.194
seq122_set6,TTCTAGAAAAGTAAGGAGGCGATGGC GAGCTCTGAAGACGTTATCAAAGAGTTCATGCGTTTCAAAGTTCGTATGGA,ATG,22,15.10117,1,11.37164,-14.581,-10.0,17.14664,0.0,-1.194
seq123_set6,TTCTAGAAAAGTAAGGAGGCGCATGGC GAGCTCTGAAGACGTTATCAAAGAGTTCATGCGTTTCAAAGTTCGTATGGA,ATG,23,21.08066,2,10.53815,-14.581,-9.9,16.41315,0.0,-1.194
seq124_set6,TTCTAGAAAAGTAAGGAGGCGCGATGGC GAGCTCTGAAGACGTTATCAAAGAGTTCATGCGTTTCAAAGTTCGTATGGA,ATG,24,1646.78252,3,-0.35131,-14.581,-10.2,5.22369,0.0,-1.194
seq125_set6,TTCTAGAAAAGTAAGGAGGCGCGGCATGGC GAGCTCTGAAGACGTTATCAAAGAGTTCATGCGTTTCAAAGTTCGTATGGA,ATG,26,13866.70139,5,-5.675,-14.581,-10.1,0.0,0.0,-1.194
seq126_set6,TTCTAGAAAAGTAAGGAGGCGCGGCTAATGGC GAGCTCTGAAGACGTTATCAAAGAGTTCATGCGTTTCAAAGTTCGTATGGA,ATG,28,10459.55801,7,-4.97046,-14.581,-10.0,0.80454,0.0,-1.194
seq127_set6,TTCTAGAAAAGTAAGGAGGCGCGGCTAAATGGC GAGCTCTGAAGACGTTATCAAAGAGTTCATGCGTTTCAAAGTTCGTATGGA,ATG,29,8245.9127,8,-4.3763,-14.581,-10.0,1.3987,0.0,-1.194
seq128_set6,TTCTAGAAAAGTAAGGAGGCGCGGCTAAATCTATGGC GAGCTCTGAAGACGTTATCAAAGAGTTCATGCGTTTCAAAGTTCGTATGGA,ATG,33,1180.87166,12,0.47965,-14.581,-11.2,5.05465,0.0,-1.194
seq129_set6,TTCTAGAAAAGTAAGGAGGCGCGGCTAAATCTTCATGGC GAGCTCTGAAGACGTTATCAAAGAGTTCATGCGTTTCAAAGTTCGTATGGA,ATG,35,434.95017,14,2.97519,-14.581,-11.1,7.65019,0.0,-1.194
seq130_set6,TTCTAGAAAAGTAAGGAGGCGCGGCTAAATCTTCTATGGC GAGCTCTGAAGACGTTATCAAAGAGTTCATGCGTTTCAAAGTTCGTATGGA,ATG,36,270.18283,15,4.16486,-14.581,-10.8,9.13986,0.0,-1.194
seq131_set6,TTCTAGAAAAGTAAGGAGGCGCGGCTAAATCTTCTTATGGC GAGCTCTGAAGACGTTATCAAAGAGTTCATGCGTTTCAAAGTTCGTATGGA,ATG,37,54.1177,16,8.18245,-13.281,-11.9,10.75745,0.0,-1.194
seq132_set6,TTCTAGAAAAGTAAGGAGGCGCGGCTAAATCTTCTTATC ATGGC GAGCTCTGAAGACGTTATCAAAGAGTTCATGCGTTTCAAAGTTCGTATGGA,ATG,40,5.70738,19,13.80281,-13.281,-11.9,16.37781,0.0,-1.194
